// Jest Snapshot v1, https://goo.gl/fbAQLP

exports[`renders the layout 1`] = `
.emotion-0 {
  background-color: #fff;
  color: rgba(0, 0, 0, 0.87);
  -webkit-transition: box-shadow 300ms cubic-bezier(0.4, 0, 0.2, 1) 0ms;
  transition: box-shadow 300ms cubic-bezier(0.4, 0, 0.2, 1) 0ms;
  border-radius: 12px;
  box-shadow: rgba(0, 0, 0, 0.1) 0px 0px 0px 1px;
  overflow: hidden;
  margin-bottom: 32px;
}

.emotion-1 {
  padding: 16px;
}

.emotion-1:last-child {
  padding-bottom: 24px;
}

.emotion-2 {
  margin: 0;
  font-family: "Source Sans Pro",sans-serif;
  font-weight: 400;
  font-size: 1.5rem;
  line-height: 1.334;
}

.emotion-3 {
  display: -webkit-box;
  display: -webkit-flex;
  display: -ms-flexbox;
  display: flex;
  -webkit-align-items: center;
  -webkit-box-align: center;
  -ms-flex-align: center;
  align-items: center;
  padding: 8px;
}

.emotion-3>:not(:first-of-type) {
  margin-left: 8px;
}

.emotion-4 {
  display: -webkit-inline-box;
  display: -webkit-inline-flex;
  display: -ms-inline-flexbox;
  display: inline-flex;
  -webkit-align-items: center;
  -webkit-box-align: center;
  -ms-flex-align: center;
  align-items: center;
  -webkit-box-pack: center;
  -ms-flex-pack: center;
  -webkit-justify-content: center;
  justify-content: center;
  position: relative;
  box-sizing: border-box;
  -webkit-tap-highlight-color: transparent;
  background-color: transparent;
  outline: 0;
  border: 0;
  margin: 0;
  border-radius: 0;
  padding: 0;
  cursor: pointer;
  -webkit-user-select: none;
  -moz-user-select: none;
  -ms-user-select: none;
  user-select: none;
  vertical-align: middle;
  -moz-appearance: none;
  -webkit-appearance: none;
  -webkit-text-decoration: none;
  text-decoration: none;
  color: inherit;
  font-family: "Source Sans Pro",sans-serif;
  font-weight: 500;
  font-size: 0.875rem;
  line-height: 1.75;
  text-transform: uppercase;
  min-width: 64px;
  padding: 6px 8px;
  border-radius: 12px;
  -webkit-transition: background-color 250ms cubic-bezier(0.4, 0, 0.2, 1) 0ms,box-shadow 250ms cubic-bezier(0.4, 0, 0.2, 1) 0ms,border-color 250ms cubic-bezier(0.4, 0, 0.2, 1) 0ms,color 250ms cubic-bezier(0.4, 0, 0.2, 1) 0ms;
  transition: background-color 250ms cubic-bezier(0.4, 0, 0.2, 1) 0ms,box-shadow 250ms cubic-bezier(0.4, 0, 0.2, 1) 0ms,border-color 250ms cubic-bezier(0.4, 0, 0.2, 1) 0ms,color 250ms cubic-bezier(0.4, 0, 0.2, 1) 0ms;
  color: #ff3b61;
}

.emotion-4::-moz-focus-inner {
  border-style: none;
}

.emotion-4.Mui-disabled {
  pointer-events: none;
  cursor: default;
}

@media print {
  .emotion-4 {
    -webkit-print-color-adjust: exact;
    color-adjust: exact;
  }
}

.emotion-4:hover {
  -webkit-text-decoration: none;
  text-decoration: none;
  background-color: rgba(255, 59, 97, 0.04);
}

@media (hover: none) {
  .emotion-4:hover {
    background-color: transparent;
  }
}

.emotion-4.Mui-disabled {
  color: rgba(0, 0, 0, 0.26);
}

<div>
  <div
    class="MuiPaper-root MuiPaper-elevation MuiPaper-rounded MuiPaper-elevation1 MuiCard-root emotion-0"
  >
    <div
      class="MuiCardContent-root emotion-1"
    >
      <span
        class="MuiTypography-root MuiTypography-h5 emotion-2"
      >
        Title
      </span>
    </div>
    <div
      class="MuiCardActions-root MuiCardActions-spacing emotion-3"
    >
      <a
        class="MuiButton-root MuiButton-text MuiButton-textPrimary MuiButton-sizeMedium MuiButton-textSizeMedium MuiButtonBase-root  emotion-4"
        href="/api/console?awsAccountId=12345678"
        tabindex="0"
        target="_blank"
      >
        Open AWS Management Console
      </a>
    </div>
  </div>
</div>
`;
